root:x:0:0:root:/:/usr/sbin/nologin
maint:x:0:0:elevated session:/run/sneakers/home/maint:/usr/libexec/sneakers-elevated
sshd:x:100:100:sshd privilege separation:/run/sneakers/sshd-empty:/usr/sbin/nologin
sshkeys:x:101:101:sshd keys command:/:/usr/sbin/nologin
osadmin:x:102:102:appliance admin on 8443:/:/usr/sbin/nologin
nobody:x:65534:65534:nobody:/:/usr/sbin/nologin
alice:x:20000:20000:owner:/run/sneakers/home/alice:/usr/bin/sneakers-shell
bob:x:20001:20001:admin:/run/sneakers/home/bob:/usr/bin/sneakers-shell
